// Jest Snapshot v1, https://goo.gl/fbAQLP

exports[`Header Test renders Header  1`] = `
<div
  style={
    Object {
      "margin": "30px",
    }
  }
>
  <img
    className="makeStyles-logo-1"
    height="50px"
    src="logo.png"
    width="200px"
  />
</div>
`;
